// Jest Snapshot v1, https://goo.gl/fbAQLP

exports[`renders without crashing 1`] = `
<div
  className="topBalanceUsers"
>
  <div
    className="topBalanceUsers-header"
  >
    Top 25 käyttäjät
  </div>
  <div
    className="topBalanceUsers-list"
  >
    <table
      className="topBalanceUsersTable"
    >
      <tbody>
        <tr>
          <td>
            1.
          </td>
          <td>
            Testaaja
          </td>
          <td>
            56,00 €
          </td>
        </tr>
        <tr>
          <td>
            2.
          </td>
          <td>
            ...
          </td>
          <td>
            ... €
          </td>
        </tr>
      </tbody>
    </table>
  </div>
</div>
`;
